$ /opt/venv/bin/python3 -m pip install --no-cache-dir --break-system-packages --retries 8 --timeout 120 'huggingface_hub==1.29.0' 'transformers==5.16.1'
Looking in indexes: https://mirrors.aliyun.com/pypi/simple/
Requirement already satisfied: huggingface_hub==1.29.0 in /opt/venv/lib/python3.12/site-packages (1.29.0)
Requirement already satisfied: transformers==5.16.1 in /opt/venv/lib/python3.12/site-packages (5.16.1)
Collecting click<9.0.0,>=8.4.2 (from huggingface_hub==1.29.0)
  Downloading click-8.5.0-py3-none-any.whl (125 kB)
Requirement already satisfied: filelock>=3.10.0 in /opt/venv/lib/python3.12/site-packages (from huggingface_hub==1.29.0) (3.29.0)
Requirement already satisfied: fsspec>=2023.5.0 in /opt/venv/lib/python3.12/site-packages (from huggingface_hub==1.29.0) (2026.4.0)
Requirement already satisfied: hf-xet<2.0.0,>=1.5.2 in /opt/venv/lib/python3.12/site-packages (from huggingface_hub==1.29.0) (1.6.0)
Requirement already satisfied: httpx<1,>=0.23.0 in /opt/venv/lib/python3.12/site-packages (from huggingface_hub==1.29.0) (0.28.1)
Requirement already satisfied: packaging>=20.9 in /opt/venv/lib/python3.12/site-packages (from huggingface_hub==1.29.0) (26.2)
Requirement already satisfied: pyyaml>=5.1 in /opt/venv/lib/python3.12/site-packages (from huggingface_hub==1.29.0) (6.0.3)
Requirement already satisfied: tqdm>=4.42.1 in /opt/venv/lib/python3.12/site-packages (from huggingface_hub==1.29.0) (4.67.3)
Requirement already satisfied: typing-extensions>=4.1.0 in /opt/venv/lib/python3.12/site-packages (from huggingface_hub==1.29.0) (4.16.0)
Requirement already satisfied: numpy>=1.17 in /opt/venv/lib/python3.12/site-packages (from transformers==5.16.1) (2.4.6)
Requirement already satisfied: regex>=2025.10.22 in /opt/venv/lib/python3.12/site-packages (from transformers==5.16.1) (2026.9.10)
Requirement already satisfied: tokenizers<0.24.0,>=0.23.1 in /opt/venv/lib/python3.12/site-packages (from transformers==5.16.1) (0.23.2)
Requirement already satisfied: typer in /opt/venv/lib/python3.12/site-packages (from transformers==5.16.1) (0.27.2)
Requirement already satisfied: safetensors>=0.8.0 in /opt/venv/lib/python3.12/site-packages (from transformers==5.16.1) (0.8.0)
Requirement already satisfied: anyio in /opt/venv/lib/python3.12/site-packages (from httpx<1,>=0.23.0->huggingface_hub==1.29.0) (4.15.1)
Requirement already satisfied: certifi in /opt/venv/lib/python3.12/site-packages (from httpx<1,>=0.23.0->huggingface_hub==1.29.0) (2026.7.22)
Requirement already satisfied: httpcore==1.* in /opt/venv/lib/python3.12/site-packages (from httpx<1,>=0.23.0->huggingface_hub==1.29.0) (1.0.9)
Requirement already satisfied: idna in /opt/venv/lib/python3.12/site-packages (from httpx<1,>=0.23.0->huggingface_hub==1.29.0) (3.19)
Requirement already satisfied: h11>=0.16 in /opt/venv/lib/python3.12/site-packages (from httpcore==1.*->httpx<1,>=0.23.0->huggingface_hub==1.29.0) (0.16.0)
Requirement already satisfied: shellingham>=1.3.0 in /opt/venv/lib/python3.12/site-packages (from typer->transformers==5.16.1) (1.5.4)
Requirement already satisfied: rich>=13.8.0 in /opt/venv/lib/python3.12/site-packages (from typer->transformers==5.16.1) (15.0.0)
Requirement already satisfied: annotated-doc>=0.0.2 in /opt/venv/lib/python3.12/site-packages (from typer->transformers==5.16.1) (0.0.5)
Requirement already satisfied: markdown-it-py>=2.2.0 in /opt/venv/lib/python3.12/site-packages (from rich>=13.8.0->typer->transformers==5.16.1) (4.2.0)
Requirement already satisfied: pygments<3.0.0,>=2.13.0 in /opt/venv/lib/python3.12/site-packages (from rich>=13.8.0->typer->transformers==5.16.1) (2.20.0)
Requirement already satisfied: mdurl~=0.1 in /opt/venv/lib/python3.12/site-packages (from markdown-it-py>=2.2.0->rich>=13.8.0->typer->transformers==5.16.1) (0.1.2)
Installing collected packages: click
  Attempting uninstall: click
    Found existing installation: click 8.2.1
    Uninstalling click-8.2.1:
      Successfully uninstalled click-8.2.1
Successfully installed click-8.5.0


(rc=0)

