================= SUMMARY =================
identical :  75 files    275.37 GB
differing :  62 files    138.85 GB
identical list:
  assets/ornith_397b_eval.png                0.00 GB
  assets/ornith_logo.png                     0.00 GB
  chat_template.jinja                        0.00 GB
  configuration.json                         0.00 GB
  generation_config.json                     0.00 GB
  merges.txt                                 0.00 GB
  model-00002-of-00122.safetensors           4.30 GB
  model-00004-of-00122.safetensors           4.30 GB
  model-00006-of-00122.safetensors           4.30 GB
  model-00008-of-00122.safetensors           4.30 GB
  model-00010-of-00122.safetensors           4.30 GB
  model-00012-of-00122.safetensors           4.30 GB
  model-00014-of-00122.safetensors           4.30 GB
  model-00016-of-00122.safetensors           4.30 GB
  model-00018-of-00122.safetensors           4.30 GB
  model-00020-of-00122.safetensors           4.30 GB
  model-00022-of-00122.safetensors           4.30 GB
  model-00024-of-00122.safetensors           4.30 GB
  model-00026-of-00122.safetensors           4.30 GB
  model-00028-of-00122.safetensors           4.30 GB
  model-00030-of-00122.safetensors           4.30 GB
  model-00032-of-00122.safetensors           4.30 GB
  model-00034-of-00122.safetensors           4.30 GB
  model-00036-of-00122.safetensors           4.30 GB
  model-00038-of-00122.safetensors           4.30 GB
  model-00040-of-00122.safetensors           4.30 GB
  model-00042-of-00122.safetensors           4.30 GB
  model-00044-of-00122.safetensors           4.30 GB
  model-00046-of-00122.safetensors           4.30 GB
  model-00048-of-00122.safetensors           4.30 GB
  model-00050-of-00122.safetensors           4.30 GB
  model-00052-of-00122.safetensors           4.30 GB
  model-00054-of-00122.safetensors           4.30 GB
  model-00056-of-00122.safetensors           4.30 GB
  model-00058-of-00122.safetensors           4.30 GB
  model-00060-of-00122.safetensors           4.30 GB
  model-00062-of-00122.safetensors           4.30 GB
  model-00064-of-00122.safetensors           4.30 GB
  model-00066-of-00122.safetensors           4.30 GB
  model-00068-of-00122.safetensors           4.30 GB
  model-00070-of-00122.safetensors           4.30 GB
  model-00072-of-00122.safetensors           4.30 GB
  model-00074-of-00122.safetensors           4.30 GB
  model-00076-of-00122.safetensors           4.30 GB
  model-00078-of-00122.safetensors           4.30 GB
  model-00080-of-00122.safetensors           4.30 GB
  model-00082-of-00122.safetensors           4.30 GB
  model-00084-of-00122.safetensors           4.30 GB
  model-00086-of-00122.safetensors           4.30 GB
  model-00088-of-00122.safetensors           4.30 GB
  model-00090-of-00122.safetensors           4.30 GB
  model-00092-of-00122.safetensors           4.30 GB
  model-00094-of-00122.safetensors           4.30 GB
  model-00096-of-00122.safetensors           4.30 GB
  model-00098-of-00122.safetensors           4.30 GB
  model-00100-of-00122.safetensors           4.30 GB
  model-00102-of-00122.safetensors           4.30 GB
  model-00104-of-00122.safetensors           4.30 GB
  model-00106-of-00122.safetensors           4.30 GB
  model-00108-of-00122.safetensors           4.30 GB
  model-00110-of-00122.safetensors           4.30 GB
  model-00112-of-00122.safetensors           4.30 GB
  model-00114-of-00122.safetensors           4.30 GB
  model-00116-of-00122.safetensors           4.30 GB
  model-00118-of-00122.safetensors           4.30 GB
  model-00120-of-00122.safetensors           4.30 GB
  model-00121-of-00122.safetensors           2.16 GB
  model-00122-of-00122.safetensors           2.03 GB
  model-mtp.safetensors                     13.19 GB
  preprocessor_config.json                   0.00 GB
  processor_config.json                      0.00 GB
  tokenizer_config.json                      0.00 GB
  tokenizer.json                             0.01 GB
  video_preprocessor_config.json             0.00 GB
  vocab.json                                 0.01 GB
