$ /opt/venv/bin/python3 -m pip install --no-cache-dir --break-system-packages --retries 8 --timeout 120 'huggingface_hub==1.29.0' 'transformers==5.16.1'
Looking in indexes: https://mirrors.aliyun.com/pypi/simple/
Collecting huggingface_hub==1.29.0
  Downloading huggingface_hub-1.29.0-py3-none-any.whl (795 kB)
     ━━━━━━━━━━━━━━━━━━━━━━━━━━━━━━━━━━━━━━━━ 795.8/795.8 kB 120.5 kB/s  0:00:06
Collecting transformers==5.16.1
  Downloading transformers-5.16.1-py3-none-any.whl (12.1 MB)
     ━━━━━━━━━━━━━━━━━━━━━━━━━━━━━━━━━━━━━━━━ 12.1/12.1 MB 131.8 kB/s  0:01:35
Collecting click<9.0.0,>=8.4.2 (from huggingface_hub==1.29.0)
  Downloading click-8.5.0-py3-none-any.whl (125 kB)
Requirement already satisfied: filelock>=3.10.0 in /opt/venv/lib/python3.12/site-packages (from huggingface_hub==1.29.0) (3.29.0)
Requirement already satisfied: fsspec>=2023.5.0 in /opt/venv/lib/python3.12/site-packages (from huggingface_hub==1.29.0) (2026.4.0)
Collecting hf-xet<2.0.0,>=1.5.2 (from huggingface_hub==1.29.0)
  Downloading hf_xet-1.6.0-cp38-abi3-manylinux2014_x86_64.manylinux_2_17_x86_64.whl (4.5 MB)
     ━━━━━━━━━━━━━━━━━━━━━━━━━━━━━━━━━━━━━━━━ 4.5/4.5 MB 97.2 kB/s  0:00:42
Collecting httpx<1,>=0.23.0 (from huggingface_hub==1.29.0)
  Downloading httpx-0.28.1-py3-none-any.whl (73 kB)
Requirement already satisfied: packaging>=20.9 in /opt/venv/lib/python3.12/site-packages (from huggingface_hub==1.29.0) (26.2)
Requirement already satisfied: pyyaml>=5.1 in /opt/venv/lib/python3.12/site-packages (from huggingface_hub==1.29.0) (6.0.3)
Requirement already satisfied: tqdm>=4.42.1 in /opt/venv/lib/python3.12/site-packages (from huggingface_hub==1.29.0) (4.67.3)
Requirement already satisfied: typing-extensions>=4.1.0 in /opt/venv/lib/python3.12/site-packages (from huggingface_hub==1.29.0) (4.16.0)
Requirement already satisfied: numpy>=1.17 in /opt/venv/lib/python3.12/site-packages (from transformers==5.16.1) (2.4.6)
Collecting regex>=2025.10.22 (from transformers==5.16.1)
  Downloading regex-2026.9.10-cp312-cp312-manylinux2014_x86_64.manylinux_2_17_x86_64.manylinux_2_28_x86_64.whl (804 kB)
     ━━━━━━━━━━━━━━━━━━━━━━━━━━━━━━━━━━━━━━━━ 804.6/804.6 kB 96.3 kB/s  0:00:08
Collecting tokenizers<0.24.0,>=0.23.1 (from transformers==5.16.1)
  Downloading tokenizers-0.23.2-cp310-abi3-manylinux_2_17_x86_64.manylinux2014_x86_64.whl (3.4 MB)
     ━━━━━━━━━━━━━━━━━━━━━━━━━━━━━━━━━━━━━━━━ 3.4/3.4 MB 107.2 kB/s  0:00:32
Collecting typer (from transformers==5.16.1)
  Downloading typer-0.27.2-py3-none-any.whl (123 kB)
Collecting safetensors>=0.8.0 (from transformers==5.16.1)
  Downloading safetensors-0.8.0-cp310-abi3-manylinux_2_17_x86_64.manylinux2014_x86_64.whl (516 kB)
Requirement already satisfied: anyio in /opt/venv/lib/python3.12/site-packages (from httpx<1,>=0.23.0->huggingface_hub==1.29.0) (4.15.1)
Requirement already satisfied: certifi in /opt/venv/lib/python3.12/site-packages (from httpx<1,>=0.23.0->huggingface_hub==1.29.0) (2026.7.22)
Collecting httpcore==1.* (from httpx<1,>=0.23.0->huggingface_hub==1.29.0)
  Downloading httpcore-1.0.9-py3-none-any.whl (78 kB)
Requirement already satisfied: idna in /opt/venv/lib/python3.12/site-packages (from httpx<1,>=0.23.0->huggingface_hub==1.29.0) (3.19)
Requirement already satisfied: h11>=0.16 in /opt/venv/lib/python3.12/site-packages (from httpcore==1.*->httpx<1,>=0.23.0->huggingface_hub==1.29.0) (0.16.0)
Collecting shellingham>=1.3.0 (from typer->transformers==5.16.1)
  Downloading shellingham-1.5.4-py2.py3-none-any.whl (9.8 kB)
Collecting rich>=13.8.0 (from typer->transformers==5.16.1)
  Downloading rich-15.0.0-py3-none-any.whl (310 kB)
Collecting annotated-doc>=0.0.2 (from typer->transformers==5.16.1)
  Downloading annotated_doc-0.0.5-py3-none-any.whl (5.3 kB)
Collecting markdown-it-py>=2.2.0 (from rich>=13.8.0->typer->transformers==5.16.1)
  Downloading markdown_it_py-4.2.0-py3-none-any.whl (91 kB)
Requirement already satisfied: pygments<3.0.0,>=2.13.0 in /opt/venv/lib/python3.12/site-packages (from rich>=13.8.0->typer->transformers==5.16.1) (2.20.0)
Collecting mdurl~=0.1 (from markdown-it-py>=2.2.0->rich>=13.8.0->typer->transformers==5.16.1)
  Downloading mdurl-0.1.2-py3-none-any.whl (10.0 kB)
Installing collected packages: shellingham, safetensors, regex, mdurl, httpcore, hf-xet, click, annotated-doc, markdown-it-py, httpx, rich, huggingface_hub, typer, tokenizers, transformers
  Attempting uninstall: click
    Found existing installation: click 8.2.1
    Uninstalling click-8.2.1:
      Successfully uninstalled click-8.2.1

Successfully installed annotated-doc-0.0.5 click-8.5.0 hf-xet-1.6.0 httpcore-1.0.9 httpx-0.28.1 huggingface_hub-1.29.0 markdown-it-py-4.2.0 mdurl-0.1.2 regex-2026.9.10 rich-15.0.0 safetensors-0.8.0 shellingham-1.5.4 tokenizers-0.23.2 transformers-5.16.1 typer-0.27.2


(rc=0)

